PS C:\Users\User\Desktop\Agustinaflores> git branch
PS C:\Users\User\Desktop\Agustinaflores> git runch prueba0
git: 'runch' is not a git command. See 'git --help'.

The most similar command is
        branch
PS C:\Users\User\Desktop\Agustinaflores> git branch prueba0
fatal: not a valid object name: 'master'
warning: adding embedded git repository: primerproyecto
hint: You've added another git repository inside your current repository.
hint: Clones of the outer repository will not contain the contents of
hint:
hint:   git submodule add <url> primerproyecto
hint:
hint: If you added this path by mistake, you can remove it from the
hint: index with:
hint:
hint:   git rm --cached primerproyecto
hint:
PS C:\Users\User\Desktop\Agustinaflores> git commit -m "probando commits"
[master (root-commit) 22be931] probando commits
 1 file changed, 1 insertion(+)
 create mode 160000 primerproyecto
PS C:\Users\User\Desktop\Agustinaflores> cd primerproyecto
PS C:\Users\User\Desktop\Agustinaflores\primerproyecto> git push
fatal: detected dubious ownership in repository at 'C:/Users/User/Desktop/Agustinaflores/primerproyecto'
'C:/Users/User/Desktop/Agustinaflores/primerproyecto' is owned by:
        DESKTOP-1ORAEVP/User (S-1-5-21-1866297419-2154338491-1802160993-1001)
To add an exception for this directory, call:

        git config --global --add safe.directory C:/Users/User/Desktop/Agustinaflores/primerproyecto
PS C:\Users\User\Desktop\Agustinaflores\primerproyecto> git push
fatal: detected dubious ownership in repository at 'C:/Users/User/Desktop/Agustinaflores/primerproyecto'
'C:/Users/User/Desktop/Agustinaflores/primerproyecto' is owned by:
        BUILTIN/Administradores (S-1-5-32-544)
but the current user is:

        git config --global --add safe.directory C:/Users/User/Desktop/Agustinaflores/primerproyecto
PS C:\Users\User\Desktop\Agustinaflores\primerproyecto>
PS C:\Users\User\Desktop\Agustinaflores\primerproyecto> git push
fatal: detected dubious ownership in repository at 'C:/Users/User/Desktop/Agustinaflores/primerproyecto'
'C:/Users/User/Desktop/Agustinaflores/primerproyecto' is owned by:
        BUILTIN/Administradores (S-1-5-32-544)
but the current user is:
        DESKTOP-1ORAEVP/User (S-1-5-21-1866297419-2154338491-1802160993-1001)

        git config --global --add safe.directory C:/Users/User/Desktop/Agustinaflores/primerproyecto
PS C:\Users\User\Desktop\Agustinaflores\primerproyecto> git config --global --add safe.directory C:/Users/User/Desktop/Agustinaflores/primerproyecto
PS C:\Users\User\Desktop\Agustinaflores\primerproyecto> git push
fatal: No configured push destination.
Either specify the URL from the command-line or configure a remote repository using

    git remote add <name> <url>

and then push using the remote name

    git push <name>
PS C:\Users\User\Desktop\Agustinaflores\primerproyecto> git remote add
usage: git remote add [<options>] <name> <url>

    -f, --[no-]fetch      fetch the remote branches
    --[no-]tags           import all tags and associated objects when fetching
                          or do not fetch any tag at all (--no-tags)
    -t, --[no-]track <branch>
                          branch(es) to track
    -m, --[no-]master <branch>
                          master branch
    --[no-]mirror[=(push|fetch)]
                          set up remote as a mirror to push to or fetch from
usage: git remote add [<options>] <name> <url>

    -f, --[no-]fetch      fetch the remote branches
    --[no-]tags           import all tags and associated objects when fetching
                          or do not fetch any tag at all (--no-tags)
    -t, --[no-]track <branch>
                          branch(es) to track
    -m, --[no-]master <branch>
    --[no-]mirror[=(push|fetch)]
                          set up remote as a mirror to push to or fetch from
PS C:\Users\User\Desktop\Agustinaflores\primerproyecto> git remote add proyecto https://github.com/agusfloress07/proyecto.git
PS C:\Users\User\Desktop\Agustinaflores\primerproyecto> git push proyecto
fatal: The current branch master has no upstream branch.
To push the current branch and set the remote as upstream, use

    git push --set-upstream proyecto master

To have this happen automatically for branches without a tracking
upstream, see 'push.autoSetupRemote' in 'git help config'.

PS C:\Users\User\Desktop\Agustinaflores\primerproyecto> git push --set-upstream proyecto master
remote: Permission to agusfloress07/proyecto.git denied to Franquitis.
fatal: unable to access 'https://github.com/agusfloress07/proyecto.git/': The requested URL returned error: 403
PS C:\Users\User\Desktop\Agustinaflores\primerproyecto> git add .
PS C:\Users\User\Desktop\Agustinaflores\primerproyecto> git push --set-upstream proyecto master
fatal: expired_token: This 'device_code' has expired. [https://docs.github.com/developers/apps/authorizing-oauth-apps#error-codes-for-the-device-flow]

 *  History restored 

PS C:\Users\User\Desktop\Agustinaflores>